current directory: /Users/bharathwaj/Library/CloudStorage/Dropbox/Mac (3)/Documents/GitHub/pbharathwaj.github.io/vendor/bundle/ruby/3.3.0/gems/date-3.4.1/ext/date
/opt/homebrew/opt/ruby/bin/ruby extconf.rb
checking for rb_category_warn()... yes
checking for timezone in time.h with  -Werror... yes
checking for altzone in time.h with  -Werror... no
creating Makefile

current directory: /Users/bharathwaj/Library/CloudStorage/Dropbox/Mac (3)/Documents/GitHub/pbharathwaj.github.io/vendor/bundle/ruby/3.3.0/gems/date-3.4.1/ext/date
make DESTDIR\= sitearchdir\=./.gem.20250406-16927-54jgbt sitelibdir\=./.gem.20250406-16927-54jgbt clean

current directory: /Users/bharathwaj/Library/CloudStorage/Dropbox/Mac (3)/Documents/GitHub/pbharathwaj.github.io/vendor/bundle/ruby/3.3.0/gems/date-3.4.1/ext/date
make DESTDIR\= sitearchdir\=./.gem.20250406-16927-54jgbt sitelibdir\=./.gem.20250406-16927-54jgbt
compiling date_core.c
compiling date_parse.c
compiling date_strftime.c
compiling date_strptime.c
linking shared-object date_core.bundle

current directory: /Users/bharathwaj/Library/CloudStorage/Dropbox/Mac (3)/Documents/GitHub/pbharathwaj.github.io/vendor/bundle/ruby/3.3.0/gems/date-3.4.1/ext/date
make DESTDIR\= sitearchdir\=./.gem.20250406-16927-54jgbt sitelibdir\=./.gem.20250406-16927-54jgbt install
/usr/bin/install -c -m 0755 date_core.bundle ./.gem.20250406-16927-54jgbt

current directory: /Users/bharathwaj/Library/CloudStorage/Dropbox/Mac (3)/Documents/GitHub/pbharathwaj.github.io/vendor/bundle/ruby/3.3.0/gems/date-3.4.1/ext/date
make DESTDIR\= sitearchdir\=./.gem.20250406-16927-54jgbt sitelibdir\=./.gem.20250406-16927-54jgbt clean
