current directory: /Users/bharathwaj/Library/CloudStorage/Dropbox/Mac (3)/Documents/GitHub/pbharathwaj.github.io/vendor/bundle/ruby/3.3.0/gems/posix-spawn-0.3.15/ext
/opt/homebrew/opt/ruby/bin/ruby extconf.rb
creating Makefile

current directory: /Users/bharathwaj/Library/CloudStorage/Dropbox/Mac (3)/Documents/GitHub/pbharathwaj.github.io/vendor/bundle/ruby/3.3.0/gems/posix-spawn-0.3.15/ext
make DESTDIR\= sitearchdir\=./.gem.20240417-69606-pw0h3w sitelibdir\=./.gem.20240417-69606-pw0h3w clean

current directory: /Users/bharathwaj/Library/CloudStorage/Dropbox/Mac (3)/Documents/GitHub/pbharathwaj.github.io/vendor/bundle/ruby/3.3.0/gems/posix-spawn-0.3.15/ext
make DESTDIR\= sitearchdir\=./.gem.20240417-69606-pw0h3w sitelibdir\=./.gem.20240417-69606-pw0h3w
compiling posix-spawn.c
warning: unknown warning option '-Wno-cast-function-type'; did you mean '-Wno-bad-function-cast'? [-Wunknown-warning-option]
posix-spawn.c:226:27: warning: incompatible function pointer types passing 'int (VALUE, VALUE, posix_spawn_file_actions_t *)' (aka 'int (unsigned long, unsigned long, void **)') to parameter of type 'int (*)(VALUE, VALUE, VALUE)' (aka 'int (*)(unsigned long, unsigned long, unsigned long)') [-Wincompatible-function-pointer-types]
        rb_hash_foreach(options, posixspawn_file_actions_operations_iter, (VALUE)fops);
                                 ^~~~~~~~~~~~~~~~~~~~~~~~~~~~~~~~~~~~~~~
/opt/homebrew/Cellar/ruby/3.3.0/include/ruby-3.3.0/ruby/internal/intern/hash.h:83:40: note: passing argument to parameter 'func' here
void rb_hash_foreach(VALUE hash, int (*func)(VALUE key, VALUE val, VALUE arg), VALUE arg);
                                       ^
2 warnings generated.
linking shared-object posix_spawn_ext.bundle

current directory: /Users/bharathwaj/Library/CloudStorage/Dropbox/Mac (3)/Documents/GitHub/pbharathwaj.github.io/vendor/bundle/ruby/3.3.0/gems/posix-spawn-0.3.15/ext
make DESTDIR\= sitearchdir\=./.gem.20240417-69606-pw0h3w sitelibdir\=./.gem.20240417-69606-pw0h3w install
/usr/bin/install -c -m 0755 posix_spawn_ext.bundle ./.gem.20240417-69606-pw0h3w

current directory: /Users/bharathwaj/Library/CloudStorage/Dropbox/Mac (3)/Documents/GitHub/pbharathwaj.github.io/vendor/bundle/ruby/3.3.0/gems/posix-spawn-0.3.15/ext
make DESTDIR\= sitearchdir\=./.gem.20240417-69606-pw0h3w sitelibdir\=./.gem.20240417-69606-pw0h3w clean
