current directory: /Users/bharathwaj/Library/CloudStorage/Dropbox/Mac (3)/Documents/GitHub/pbharathwaj.github.io/vendor/bundle/ruby/3.3.0/gems/yajl-ruby-1.2.3/ext/yajl
/opt/homebrew/opt/ruby/bin/ruby extconf.rb
creating Makefile

current directory: /Users/bharathwaj/Library/CloudStorage/Dropbox/Mac (3)/Documents/GitHub/pbharathwaj.github.io/vendor/bundle/ruby/3.3.0/gems/yajl-ruby-1.2.3/ext/yajl
make DESTDIR\= sitearchdir\=./.gem.20240417-69606-p9wcy8 sitelibdir\=./.gem.20240417-69606-p9wcy8 clean

current directory: /Users/bharathwaj/Library/CloudStorage/Dropbox/Mac (3)/Documents/GitHub/pbharathwaj.github.io/vendor/bundle/ruby/3.3.0/gems/yajl-ruby-1.2.3/ext/yajl
make DESTDIR\= sitearchdir\=./.gem.20240417-69606-p9wcy8 sitelibdir\=./.gem.20240417-69606-p9wcy8
compiling yajl.c
warning: unknown warning option '-Wno-cast-function-type'; did you mean '-Wno-bad-function-cast'? [-Wunknown-warning-option]
1 warning generated.
compiling yajl_alloc.c
warning: unknown warning option '-Wno-cast-function-type'; did you mean '-Wno-bad-function-cast'? [-Wunknown-warning-option]
1 warning generated.
compiling yajl_buf.c
warning: unknown warning option '-Wno-cast-function-type'; did you mean '-Wno-bad-function-cast'? [-Wunknown-warning-option]
1 warning generated.
compiling yajl_encode.c
warning: unknown warning option '-Wno-cast-function-type'; did you mean '-Wno-bad-function-cast'? [-Wunknown-warning-option]
1 warning generated.
compiling yajl_ext.c
warning: unknown warning option '-Wno-cast-function-type'; did you mean '-Wno-bad-function-cast'? [-Wunknown-warning-option]
yajl_ext.c:42:19: warning: implicit conversion loses integer precision: 'long' to 'int' [-Wshorten-64-to-32]
        int len = RARRAY_LEN(wrapper->builderStack);
            ~~~   ^~~~~~~~~~~~~~~~~~~~~~~~~~~~~~~~~
/opt/homebrew/Cellar/ruby/3.3.0/include/ruby-3.3.0/ruby/internal/core/rarray.h:51:36: note: expanded from macro 'RARRAY_LEN'
#define RARRAY_LEN                 rb_array_len                 /**< @alias{rb_array_len} */
                                   ^
yajl_ext.c:47:19: warning: implicit conversion loses integer precision: 'long' to 'int' [-Wshorten-64-to-32]
        int len = RARRAY_LEN(wrapper->builderStack);
            ~~~   ^~~~~~~~~~~~~~~~~~~~~~~~~~~~~~~~~
/opt/homebrew/Cellar/ruby/3.3.0/include/ruby-3.3.0/ruby/internal/core/rarray.h:51:36: note: expanded from macro 'RARRAY_LEN'
#define RARRAY_LEN                 rb_array_len                 /**< @alias{rb_array_len} */
                                   ^
yajl_ext.c:83:11: warning: implicit conversion loses integer precision: 'long' to 'int' [-Wshorten-64-to-32]
    len = RARRAY_LEN(wrapper->builderStack);
        ~ ^~~~~~~~~~~~~~~~~~~~~~~~~~~~~~~~~
/opt/homebrew/Cellar/ruby/3.3.0/include/ruby-3.3.0/ruby/internal/core/rarray.h:51:36: note: expanded from macro 'RARRAY_LEN'
#define RARRAY_LEN                 rb_array_len                 /**< @alias{rb_array_len} */
                                   ^
yajl_ext.c:201:19: warning: implicit conversion loses integer precision: 'long' to 'unsigned int' [-Wshorten-64-to-32]
            len = RSTRING_LEN(str);
                ~ ^~~~~~~~~~~~~~~~
/opt/homebrew/Cellar/ruby/3.3.0/include/ruby-3.3.0/ruby/internal/core/rstring.h:46:27: note: expanded from macro 'RSTRING_LEN'
#define RSTRING_LEN       RSTRING_LEN
                          ^
yajl_ext.c:209:19: warning: implicit conversion loses integer precision: 'long' to 'unsigned int' [-Wshorten-64-to-32]
            len = RSTRING_LEN(obj);
                ~ ^~~~~~~~~~~~~~~~
/opt/homebrew/Cellar/ruby/3.3.0/include/ruby-3.3.0/ruby/internal/core/rstring.h:46:27: note: expanded from macro 'RSTRING_LEN'
#define RSTRING_LEN       RSTRING_LEN
                          ^
yajl_ext.c:217:23: warning: implicit conversion loses integer precision: 'long' to 'unsigned int' [-Wshorten-64-to-32]
                len = RSTRING_LEN(str);
                    ~ ^~~~~~~~~~~~~~~~
/opt/homebrew/Cellar/ruby/3.3.0/include/ruby-3.3.0/ruby/internal/core/rstring.h:46:27: note: expanded from macro 'RSTRING_LEN'
#define RSTRING_LEN       RSTRING_LEN
                          ^
yajl_ext.c:223:23: warning: implicit conversion loses integer precision: 'long' to 'unsigned int' [-Wshorten-64-to-32]
                len = RSTRING_LEN(str);
                    ~ ^~~~~~~~~~~~~~~~
/opt/homebrew/Cellar/ruby/3.3.0/include/ruby-3.3.0/ruby/internal/core/rstring.h:46:27: note: expanded from macro 'RSTRING_LEN'
#define RSTRING_LEN       RSTRING_LEN
                          ^
yajl_ext.c:492:15: warning: implicit conversion loses integer precision: 'long' to 'unsigned int' [-Wshorten-64-to-32]
        len = RSTRING_LEN(input);
            ~ ^~~~~~~~~~~~~~~~~~
/opt/homebrew/Cellar/ruby/3.3.0/include/ruby-3.3.0/ruby/internal/core/rstring.h:46:27: note: expanded from macro 'RSTRING_LEN'
#define RSTRING_LEN       RSTRING_LEN
                          ^
yajl_ext.c:498:19: warning: implicit conversion loses integer precision: 'long' to 'unsigned int' [-Wshorten-64-to-32]
            len = RSTRING_LEN(parsed);
                ~ ^~~~~~~~~~~~~~~~~~~
/opt/homebrew/Cellar/ruby/3.3.0/include/ruby-3.3.0/ruby/internal/core/rstring.h:46:27: note: expanded from macro 'RSTRING_LEN'
#define RSTRING_LEN       RSTRING_LEN
                          ^
yajl_ext.c:538:15: warning: implicit conversion loses integer precision: 'long' to 'unsigned int' [-Wshorten-64-to-32]
        len = RSTRING_LEN(chunk);
            ~ ^~~~~~~~~~~~~~~~~~
/opt/homebrew/Cellar/ruby/3.3.0/include/ruby-3.3.0/ruby/internal/core/rstring.h:46:27: note: expanded from macro 'RSTRING_LEN'
#define RSTRING_LEN       RSTRING_LEN
                          ^
11 warnings generated.
compiling yajl_gen.c
warning: unknown warning option '-Wno-cast-function-type'; did you mean '-Wno-bad-function-cast'? [-Wunknown-warning-option]
yajl_gen.c:295:5: warning: implicit conversion from enumeration type 'yajl_gen_state' to different enumeration type 'yajl_gen_status' [-Wenum-conversion]
    DECREMENT_DEPTH;
    ^~~~~~~~~~~~~~~
yajl_gen.c:181:48: note: expanded from macro 'DECREMENT_DEPTH'
    if (--(g->depth) >= YAJL_MAX_DEPTH) return yajl_gen_error;
                                        ~~~~~~ ^~~~~~~~~~~~~~
yajl_gen.c:321:5: warning: implicit conversion from enumeration type 'yajl_gen_state' to different enumeration type 'yajl_gen_status' [-Wenum-conversion]
    DECREMENT_DEPTH;
    ^~~~~~~~~~~~~~~
yajl_gen.c:181:48: note: expanded from macro 'DECREMENT_DEPTH'
    if (--(g->depth) >= YAJL_MAX_DEPTH) return yajl_gen_error;
                                        ~~~~~~ ^~~~~~~~~~~~~~
3 warnings generated.
compiling yajl_lex.c
warning: unknown warning option '-Wno-cast-function-type'; did you mean '-Wno-bad-function-cast'? [-Wunknown-warning-option]
1 warning generated.
compiling yajl_parser.c
warning: unknown warning option '-Wno-cast-function-type'; did you mean '-Wno-bad-function-cast'? [-Wunknown-warning-option]
1 warning generated.
compiling yajl_version.c
warning: unknown warning option '-Wno-cast-function-type'; did you mean '-Wno-bad-function-cast'? [-Wunknown-warning-option]
1 warning generated.
linking shared-object yajl/yajl.bundle

current directory: /Users/bharathwaj/Library/CloudStorage/Dropbox/Mac (3)/Documents/GitHub/pbharathwaj.github.io/vendor/bundle/ruby/3.3.0/gems/yajl-ruby-1.2.3/ext/yajl
make DESTDIR\= sitearchdir\=./.gem.20240417-69606-p9wcy8 sitelibdir\=./.gem.20240417-69606-p9wcy8 install
/usr/bin/install -c -m 0755 yajl.bundle ./.gem.20240417-69606-p9wcy8/yajl

current directory: /Users/bharathwaj/Library/CloudStorage/Dropbox/Mac (3)/Documents/GitHub/pbharathwaj.github.io/vendor/bundle/ruby/3.3.0/gems/yajl-ruby-1.2.3/ext/yajl
make DESTDIR\= sitearchdir\=./.gem.20240417-69606-p9wcy8 sitelibdir\=./.gem.20240417-69606-p9wcy8 clean
