append_cflags: checking for whether -march=core2 is accepted as CFLAGS... -------------------- no

DYLD_LIBRARY_PATH=.:/opt/homebrew/Cellar/ruby/3.3.0/lib "x86_64-apple-darwin13.4.0-clang -o conftest -I/opt/homebrew/Cellar/ruby/3.3.0/include/ruby-3.3.0/arm64-darwin23 -I/opt/homebrew/Cellar/ruby/3.3.0/include/ruby-3.3.0/ruby/backward -I/opt/homebrew/Cellar/ruby/3.3.0/include/ruby-3.3.0 -I. -I/opt/homebrew/opt/libyaml/include -I/opt/homebrew/opt/openssl@3/include -D_XOPEN_SOURCE -D_DARWIN_C_SOURCE -D_DARWIN_UNLIMITED_SELECT -D_REENTRANT   -fdeclspec -O3 -fno-fast-math -ggdb3 -Wall -Wextra -Wextra-tokens -Wdeprecated-declarations -Wdivision-by-zero -Wdiv-by-zero -Wimplicit-function-declaration -Wimplicit-int -Wpointer-arith -Wshorten-64-to-32 -Wwrite-strings -Wold-style-definition -Wmissing-noreturn -Wno-cast-function-type -Wno-constant-logical-operand -Wno-long-long -Wno-missing-field-initializers -Wno-overlength-strings -Wno-parentheses-equality -Wno-self-assign -Wno-tautological-compare -Wno-unused-parameter -Wno-unused-value -Wunused-variable -Wmisleading-indentation -Wundef -fno-common -pipe conftest.c  -L. -L/opt/homebrew/Cellar/ruby/3.3.0/lib -L/opt/homebrew/opt/libyaml/lib -L/opt/homebrew/opt/openssl@3/lib -L. -fstack-protector-strong -L/opt/homebrew/opt/libyaml/lib -L/opt/homebrew/opt/openssl@3/lib  -arch arm64   -lruby.3.3  -lpthread  "
warning: unknown warning option '-Wno-cast-function-type'; did you mean '-Wno-bad-function-cast'? [-Wunknown-warning-option]
1 warning generated.
checked program was:
/* begin */
1: #include "ruby.h"
2: 
3: int main(int argc, char **argv)
4: {
5:   return !!argv[argc];
6: }
/* end */

DYLD_LIBRARY_PATH=.:/opt/homebrew/Cellar/ruby/3.3.0/lib "x86_64-apple-darwin13.4.0-clang -I/opt/homebrew/Cellar/ruby/3.3.0/include/ruby-3.3.0/arm64-darwin23 -I/opt/homebrew/Cellar/ruby/3.3.0/include/ruby-3.3.0/ruby/backward -I/opt/homebrew/Cellar/ruby/3.3.0/include/ruby-3.3.0 -I. -I/opt/homebrew/opt/libyaml/include -I/opt/homebrew/opt/openssl@3/include -D_XOPEN_SOURCE -D_DARWIN_C_SOURCE -D_DARWIN_UNLIMITED_SELECT -D_REENTRANT   -fdeclspec -O3 -fno-fast-math -ggdb3 -Wall -Wextra -Wextra-tokens -Wdeprecated-declarations -Wdivision-by-zero -Wdiv-by-zero -Wimplicit-function-declaration -Wimplicit-int -Wpointer-arith -Wshorten-64-to-32 -Wwrite-strings -Wold-style-definition -Wmissing-noreturn -Wno-cast-function-type -Wno-constant-logical-operand -Wno-long-long -Wno-missing-field-initializers -Wno-overlength-strings -Wno-parentheses-equality -Wno-self-assign -Wno-tautological-compare -Wno-unused-parameter -Wno-unused-value -Wunused-variable -Wmisleading-indentation -Wundef -fno-common -pipe -arch arm64 -march=core2 -Werror -c conftest.c"
clang-11: error: the clang compiler does not support '-march=core2'
checked program was:
/* begin */
1: #include "ruby.h"
2: 
3: int main(int argc, char **argv)
4: {
5:   return !!argv[argc];
6: }
/* end */

--------------------

append_cflags: checking for whether -mtune=haswell is accepted as CFLAGS... -------------------- no

DYLD_LIBRARY_PATH=.:/opt/homebrew/Cellar/ruby/3.3.0/lib "x86_64-apple-darwin13.4.0-clang -I/opt/homebrew/Cellar/ruby/3.3.0/include/ruby-3.3.0/arm64-darwin23 -I/opt/homebrew/Cellar/ruby/3.3.0/include/ruby-3.3.0/ruby/backward -I/opt/homebrew/Cellar/ruby/3.3.0/include/ruby-3.3.0 -I. -I/opt/homebrew/opt/libyaml/include -I/opt/homebrew/opt/openssl@3/include -D_XOPEN_SOURCE -D_DARWIN_C_SOURCE -D_DARWIN_UNLIMITED_SELECT -D_REENTRANT   -fdeclspec -O3 -fno-fast-math -ggdb3 -Wall -Wextra -Wextra-tokens -Wdeprecated-declarations -Wdivision-by-zero -Wdiv-by-zero -Wimplicit-function-declaration -Wimplicit-int -Wpointer-arith -Wshorten-64-to-32 -Wwrite-strings -Wold-style-definition -Wmissing-noreturn -Wno-cast-function-type -Wno-constant-logical-operand -Wno-long-long -Wno-missing-field-initializers -Wno-overlength-strings -Wno-parentheses-equality -Wno-self-assign -Wno-tautological-compare -Wno-unused-parameter -Wno-unused-value -Wunused-variable -Wmisleading-indentation -Wundef -fno-common -pipe -arch arm64 -mtune=haswell -Werror -c conftest.c"
clang-11: error: the clang compiler does not support '-mtune=haswell'
checked program was:
/* begin */
1: #include "ruby.h"
2: 
3: int main(int argc, char **argv)
4: {
5:   return !!argv[argc];
6: }
/* end */

--------------------

append_cflags: checking for whether -mssse3 is accepted as CFLAGS... -------------------- no

DYLD_LIBRARY_PATH=.:/opt/homebrew/Cellar/ruby/3.3.0/lib "x86_64-apple-darwin13.4.0-clang -I/opt/homebrew/Cellar/ruby/3.3.0/include/ruby-3.3.0/arm64-darwin23 -I/opt/homebrew/Cellar/ruby/3.3.0/include/ruby-3.3.0/ruby/backward -I/opt/homebrew/Cellar/ruby/3.3.0/include/ruby-3.3.0 -I. -I/opt/homebrew/opt/libyaml/include -I/opt/homebrew/opt/openssl@3/include -D_XOPEN_SOURCE -D_DARWIN_C_SOURCE -D_DARWIN_UNLIMITED_SELECT -D_REENTRANT   -fdeclspec -O3 -fno-fast-math -ggdb3 -Wall -Wextra -Wextra-tokens -Wdeprecated-declarations -Wdivision-by-zero -Wdiv-by-zero -Wimplicit-function-declaration -Wimplicit-int -Wpointer-arith -Wshorten-64-to-32 -Wwrite-strings -Wold-style-definition -Wmissing-noreturn -Wno-cast-function-type -Wno-constant-logical-operand -Wno-long-long -Wno-missing-field-initializers -Wno-overlength-strings -Wno-parentheses-equality -Wno-self-assign -Wno-tautological-compare -Wno-unused-parameter -Wno-unused-value -Wunused-variable -Wmisleading-indentation -Wundef -fno-common -pipe -arch arm64 -mssse3 -Werror -c conftest.c"
clang-11: error: argument unused during compilation: '-mssse3' [-Werror,-Wunused-command-line-argument]
checked program was:
/* begin */
1: #include "ruby.h"
2: 
3: int main(int argc, char **argv)
4: {
5:   return !!argv[argc];
6: }
/* end */

--------------------

append_cflags: checking for whether -ftree-vectorize is accepted as CFLAGS... -------------------- no

DYLD_LIBRARY_PATH=.:/opt/homebrew/Cellar/ruby/3.3.0/lib "x86_64-apple-darwin13.4.0-clang -I/opt/homebrew/Cellar/ruby/3.3.0/include/ruby-3.3.0/arm64-darwin23 -I/opt/homebrew/Cellar/ruby/3.3.0/include/ruby-3.3.0/ruby/backward -I/opt/homebrew/Cellar/ruby/3.3.0/include/ruby-3.3.0 -I. -I/opt/homebrew/opt/libyaml/include -I/opt/homebrew/opt/openssl@3/include -D_XOPEN_SOURCE -D_DARWIN_C_SOURCE -D_DARWIN_UNLIMITED_SELECT -D_REENTRANT   -fdeclspec -O3 -fno-fast-math -ggdb3 -Wall -Wextra -Wextra-tokens -Wdeprecated-declarations -Wdivision-by-zero -Wdiv-by-zero -Wimplicit-function-declaration -Wimplicit-int -Wpointer-arith -Wshorten-64-to-32 -Wwrite-strings -Wold-style-definition -Wmissing-noreturn -Wno-cast-function-type -Wno-constant-logical-operand -Wno-long-long -Wno-missing-field-initializers -Wno-overlength-strings -Wno-parentheses-equality -Wno-self-assign -Wno-tautological-compare -Wno-unused-parameter -Wno-unused-value -Wunused-variable -Wmisleading-indentation -Wundef -fno-common -pipe -arch arm64 -ftree-vectorize -Werror -c conftest.c"
error: unknown warning option '-Wno-cast-function-type'; did you mean '-Wno-bad-function-cast'? [-Werror,-Wunknown-warning-option]
checked program was:
/* begin */
1: #include "ruby.h"
2: 
3: int main(int argc, char **argv)
4: {
5:   return !!argv[argc];
6: }
/* end */

--------------------

append_cflags: checking for whether -fPIC is accepted as CFLAGS... -------------------- no

DYLD_LIBRARY_PATH=.:/opt/homebrew/Cellar/ruby/3.3.0/lib "x86_64-apple-darwin13.4.0-clang -I/opt/homebrew/Cellar/ruby/3.3.0/include/ruby-3.3.0/arm64-darwin23 -I/opt/homebrew/Cellar/ruby/3.3.0/include/ruby-3.3.0/ruby/backward -I/opt/homebrew/Cellar/ruby/3.3.0/include/ruby-3.3.0 -I. -I/opt/homebrew/opt/libyaml/include -I/opt/homebrew/opt/openssl@3/include -D_XOPEN_SOURCE -D_DARWIN_C_SOURCE -D_DARWIN_UNLIMITED_SELECT -D_REENTRANT   -fdeclspec -O3 -fno-fast-math -ggdb3 -Wall -Wextra -Wextra-tokens -Wdeprecated-declarations -Wdivision-by-zero -Wdiv-by-zero -Wimplicit-function-declaration -Wimplicit-int -Wpointer-arith -Wshorten-64-to-32 -Wwrite-strings -Wold-style-definition -Wmissing-noreturn -Wno-cast-function-type -Wno-constant-logical-operand -Wno-long-long -Wno-missing-field-initializers -Wno-overlength-strings -Wno-parentheses-equality -Wno-self-assign -Wno-tautological-compare -Wno-unused-parameter -Wno-unused-value -Wunused-variable -Wmisleading-indentation -Wundef -fno-common -pipe -arch arm64 -fPIC -Werror -c conftest.c"
error: unknown warning option '-Wno-cast-function-type'; did you mean '-Wno-bad-function-cast'? [-Werror,-Wunknown-warning-option]
checked program was:
/* begin */
1: #include "ruby.h"
2: 
3: int main(int argc, char **argv)
4: {
5:   return !!argv[argc];
6: }
/* end */

--------------------

append_cflags: checking for whether -fPIE is accepted as CFLAGS... -------------------- no

DYLD_LIBRARY_PATH=.:/opt/homebrew/Cellar/ruby/3.3.0/lib "x86_64-apple-darwin13.4.0-clang -I/opt/homebrew/Cellar/ruby/3.3.0/include/ruby-3.3.0/arm64-darwin23 -I/opt/homebrew/Cellar/ruby/3.3.0/include/ruby-3.3.0/ruby/backward -I/opt/homebrew/Cellar/ruby/3.3.0/include/ruby-3.3.0 -I. -I/opt/homebrew/opt/libyaml/include -I/opt/homebrew/opt/openssl@3/include -D_XOPEN_SOURCE -D_DARWIN_C_SOURCE -D_DARWIN_UNLIMITED_SELECT -D_REENTRANT   -fdeclspec -O3 -fno-fast-math -ggdb3 -Wall -Wextra -Wextra-tokens -Wdeprecated-declarations -Wdivision-by-zero -Wdiv-by-zero -Wimplicit-function-declaration -Wimplicit-int -Wpointer-arith -Wshorten-64-to-32 -Wwrite-strings -Wold-style-definition -Wmissing-noreturn -Wno-cast-function-type -Wno-constant-logical-operand -Wno-long-long -Wno-missing-field-initializers -Wno-overlength-strings -Wno-parentheses-equality -Wno-self-assign -Wno-tautological-compare -Wno-unused-parameter -Wno-unused-value -Wunused-variable -Wmisleading-indentation -Wundef -fno-common -pipe -arch arm64 -fPIE -Werror -c conftest.c"
error: unknown warning option '-Wno-cast-function-type'; did you mean '-Wno-bad-function-cast'? [-Werror,-Wunknown-warning-option]
checked program was:
/* begin */
1: #include "ruby.h"
2: 
3: int main(int argc, char **argv)
4: {
5:   return !!argv[argc];
6: }
/* end */

--------------------

append_cflags: checking for whether -fstack-protector-strong is accepted as CFLAGS... -------------------- no

DYLD_LIBRARY_PATH=.:/opt/homebrew/Cellar/ruby/3.3.0/lib "x86_64-apple-darwin13.4.0-clang -I/opt/homebrew/Cellar/ruby/3.3.0/include/ruby-3.3.0/arm64-darwin23 -I/opt/homebrew/Cellar/ruby/3.3.0/include/ruby-3.3.0/ruby/backward -I/opt/homebrew/Cellar/ruby/3.3.0/include/ruby-3.3.0 -I. -I/opt/homebrew/opt/libyaml/include -I/opt/homebrew/opt/openssl@3/include -D_XOPEN_SOURCE -D_DARWIN_C_SOURCE -D_DARWIN_UNLIMITED_SELECT -D_REENTRANT   -fdeclspec -O3 -fno-fast-math -ggdb3 -Wall -Wextra -Wextra-tokens -Wdeprecated-declarations -Wdivision-by-zero -Wdiv-by-zero -Wimplicit-function-declaration -Wimplicit-int -Wpointer-arith -Wshorten-64-to-32 -Wwrite-strings -Wold-style-definition -Wmissing-noreturn -Wno-cast-function-type -Wno-constant-logical-operand -Wno-long-long -Wno-missing-field-initializers -Wno-overlength-strings -Wno-parentheses-equality -Wno-self-assign -Wno-tautological-compare -Wno-unused-parameter -Wno-unused-value -Wunused-variable -Wmisleading-indentation -Wundef -fno-common -pipe -arch arm64 -fstack-protector-strong -Werror -c conftest.c"
error: unknown warning option '-Wno-cast-function-type'; did you mean '-Wno-bad-function-cast'? [-Werror,-Wunknown-warning-option]
checked program was:
/* begin */
1: #include "ruby.h"
2: 
3: int main(int argc, char **argv)
4: {
5:   return !!argv[argc];
6: }
/* end */

--------------------

append_cflags: checking for whether -O2 is accepted as CFLAGS... -------------------- no

DYLD_LIBRARY_PATH=.:/opt/homebrew/Cellar/ruby/3.3.0/lib "x86_64-apple-darwin13.4.0-clang -I/opt/homebrew/Cellar/ruby/3.3.0/include/ruby-3.3.0/arm64-darwin23 -I/opt/homebrew/Cellar/ruby/3.3.0/include/ruby-3.3.0/ruby/backward -I/opt/homebrew/Cellar/ruby/3.3.0/include/ruby-3.3.0 -I. -I/opt/homebrew/opt/libyaml/include -I/opt/homebrew/opt/openssl@3/include -D_XOPEN_SOURCE -D_DARWIN_C_SOURCE -D_DARWIN_UNLIMITED_SELECT -D_REENTRANT   -fdeclspec -O3 -fno-fast-math -ggdb3 -Wall -Wextra -Wextra-tokens -Wdeprecated-declarations -Wdivision-by-zero -Wdiv-by-zero -Wimplicit-function-declaration -Wimplicit-int -Wpointer-arith -Wshorten-64-to-32 -Wwrite-strings -Wold-style-definition -Wmissing-noreturn -Wno-cast-function-type -Wno-constant-logical-operand -Wno-long-long -Wno-missing-field-initializers -Wno-overlength-strings -Wno-parentheses-equality -Wno-self-assign -Wno-tautological-compare -Wno-unused-parameter -Wno-unused-value -Wunused-variable -Wmisleading-indentation -Wundef -fno-common -pipe -arch arm64 -O2 -Werror -c conftest.c"
error: unknown warning option '-Wno-cast-function-type'; did you mean '-Wno-bad-function-cast'? [-Werror,-Wunknown-warning-option]
checked program was:
/* begin */
1: #include "ruby.h"
2: 
3: int main(int argc, char **argv)
4: {
5:   return !!argv[argc];
6: }
/* end */

--------------------

append_cflags: checking for whether -pipe is accepted as CFLAGS... -------------------- no

DYLD_LIBRARY_PATH=.:/opt/homebrew/Cellar/ruby/3.3.0/lib "x86_64-apple-darwin13.4.0-clang -I/opt/homebrew/Cellar/ruby/3.3.0/include/ruby-3.3.0/arm64-darwin23 -I/opt/homebrew/Cellar/ruby/3.3.0/include/ruby-3.3.0/ruby/backward -I/opt/homebrew/Cellar/ruby/3.3.0/include/ruby-3.3.0 -I. -I/opt/homebrew/opt/libyaml/include -I/opt/homebrew/opt/openssl@3/include -D_XOPEN_SOURCE -D_DARWIN_C_SOURCE -D_DARWIN_UNLIMITED_SELECT -D_REENTRANT   -fdeclspec -O3 -fno-fast-math -ggdb3 -Wall -Wextra -Wextra-tokens -Wdeprecated-declarations -Wdivision-by-zero -Wdiv-by-zero -Wimplicit-function-declaration -Wimplicit-int -Wpointer-arith -Wshorten-64-to-32 -Wwrite-strings -Wold-style-definition -Wmissing-noreturn -Wno-cast-function-type -Wno-constant-logical-operand -Wno-long-long -Wno-missing-field-initializers -Wno-overlength-strings -Wno-parentheses-equality -Wno-self-assign -Wno-tautological-compare -Wno-unused-parameter -Wno-unused-value -Wunused-variable -Wmisleading-indentation -Wundef -fno-common -pipe -arch arm64 -pipe -Werror -c conftest.c"
error: unknown warning option '-Wno-cast-function-type'; did you mean '-Wno-bad-function-cast'? [-Werror,-Wunknown-warning-option]
checked program was:
/* begin */
1: #include "ruby.h"
2: 
3: int main(int argc, char **argv)
4: {
5:   return !!argv[argc];
6: }
/* end */

--------------------

append_cflags: checking for whether -isystem is accepted as CFLAGS... -------------------- no

DYLD_LIBRARY_PATH=.:/opt/homebrew/Cellar/ruby/3.3.0/lib "x86_64-apple-darwin13.4.0-clang -I/opt/homebrew/Cellar/ruby/3.3.0/include/ruby-3.3.0/arm64-darwin23 -I/opt/homebrew/Cellar/ruby/3.3.0/include/ruby-3.3.0/ruby/backward -I/opt/homebrew/Cellar/ruby/3.3.0/include/ruby-3.3.0 -I. -I/opt/homebrew/opt/libyaml/include -I/opt/homebrew/opt/openssl@3/include -D_XOPEN_SOURCE -D_DARWIN_C_SOURCE -D_DARWIN_UNLIMITED_SELECT -D_REENTRANT   -fdeclspec -O3 -fno-fast-math -ggdb3 -Wall -Wextra -Wextra-tokens -Wdeprecated-declarations -Wdivision-by-zero -Wdiv-by-zero -Wimplicit-function-declaration -Wimplicit-int -Wpointer-arith -Wshorten-64-to-32 -Wwrite-strings -Wold-style-definition -Wmissing-noreturn -Wno-cast-function-type -Wno-constant-logical-operand -Wno-long-long -Wno-missing-field-initializers -Wno-overlength-strings -Wno-parentheses-equality -Wno-self-assign -Wno-tautological-compare -Wno-unused-parameter -Wno-unused-value -Wunused-variable -Wmisleading-indentation -Wundef -fno-common -pipe -arch arm64 -isystem -Werror -c conftest.c"
warning: unknown warning option '-Wno-cast-function-type'; did you mean '-Wno-bad-function-cast'? [-Wunknown-warning-option]
1 warning generated.
checked program was:
/* begin */
1: #include "ruby.h"
2: 
3: int main(int argc, char **argv)
4: {
5:   return !!argv[argc];
6: }
/* end */

--------------------

append_cflags: checking for whether /Users/bharathwaj/opt/anaconda3/envs/sage/include is accepted as CFLAGS... -------------------- no

DYLD_LIBRARY_PATH=.:/opt/homebrew/Cellar/ruby/3.3.0/lib "x86_64-apple-darwin13.4.0-clang -I/opt/homebrew/Cellar/ruby/3.3.0/include/ruby-3.3.0/arm64-darwin23 -I/opt/homebrew/Cellar/ruby/3.3.0/include/ruby-3.3.0/ruby/backward -I/opt/homebrew/Cellar/ruby/3.3.0/include/ruby-3.3.0 -I. -I/opt/homebrew/opt/libyaml/include -I/opt/homebrew/opt/openssl@3/include -D_XOPEN_SOURCE -D_DARWIN_C_SOURCE -D_DARWIN_UNLIMITED_SELECT -D_REENTRANT   -fdeclspec -O3 -fno-fast-math -ggdb3 -Wall -Wextra -Wextra-tokens -Wdeprecated-declarations -Wdivision-by-zero -Wdiv-by-zero -Wimplicit-function-declaration -Wimplicit-int -Wpointer-arith -Wshorten-64-to-32 -Wwrite-strings -Wold-style-definition -Wmissing-noreturn -Wno-cast-function-type -Wno-constant-logical-operand -Wno-long-long -Wno-missing-field-initializers -Wno-overlength-strings -Wno-parentheses-equality -Wno-self-assign -Wno-tautological-compare -Wno-unused-parameter -Wno-unused-value -Wunused-variable -Wmisleading-indentation -Wundef -fno-common -pipe -arch arm64 /Users/bharathwaj/opt/anaconda3/envs/sage/include -Werror -c conftest.c"
clang-11: error: /Users/bharathwaj/opt/anaconda3/envs/sage/include: 'linker' input unused [-Werror,-Wunused-command-line-argument]
checked program was:
/* begin */
1: #include "ruby.h"
2: 
3: int main(int argc, char **argv)
4: {
5:   return !!argv[argc];
6: }
/* end */

--------------------

append_cppflags: checking for whether -D_FORTIFY_SOURCE=2 is accepted as CPPFLAGS... -------------------- no

DYLD_LIBRARY_PATH=.:/opt/homebrew/Cellar/ruby/3.3.0/lib "x86_64-apple-darwin13.4.0-clang -I/opt/homebrew/Cellar/ruby/3.3.0/include/ruby-3.3.0/arm64-darwin23 -I/opt/homebrew/Cellar/ruby/3.3.0/include/ruby-3.3.0/ruby/backward -I/opt/homebrew/Cellar/ruby/3.3.0/include/ruby-3.3.0 -I. -I/opt/homebrew/opt/libyaml/include -I/opt/homebrew/opt/openssl@3/include -D_XOPEN_SOURCE -D_DARWIN_C_SOURCE -D_DARWIN_UNLIMITED_SELECT -D_REENTRANT   -fdeclspec -O3 -fno-fast-math -ggdb3 -Wall -Wextra -Wextra-tokens -Wdeprecated-declarations -Wdivision-by-zero -Wdiv-by-zero -Wimplicit-function-declaration -Wimplicit-int -Wpointer-arith -Wshorten-64-to-32 -Wwrite-strings -Wold-style-definition -Wmissing-noreturn -Wno-cast-function-type -Wno-constant-logical-operand -Wno-long-long -Wno-missing-field-initializers -Wno-overlength-strings -Wno-parentheses-equality -Wno-self-assign -Wno-tautological-compare -Wno-unused-parameter -Wno-unused-value -Wunused-variable -Wmisleading-indentation -Wundef -fno-common -pipe -arch arm64 -D_FORTIFY_SOURCE=2 -Werror -c conftest.c"
error: unknown warning option '-Wno-cast-function-type'; did you mean '-Wno-bad-function-cast'? [-Werror,-Wunknown-warning-option]
checked program was:
/* begin */
1: #include "ruby.h"
2: 
3: int main(int argc, char **argv)
4: {
5:   return !!argv[argc];
6: }
/* end */

--------------------

append_cppflags: checking for whether -isystem is accepted as CPPFLAGS... -------------------- no

DYLD_LIBRARY_PATH=.:/opt/homebrew/Cellar/ruby/3.3.0/lib "x86_64-apple-darwin13.4.0-clang -I/opt/homebrew/Cellar/ruby/3.3.0/include/ruby-3.3.0/arm64-darwin23 -I/opt/homebrew/Cellar/ruby/3.3.0/include/ruby-3.3.0/ruby/backward -I/opt/homebrew/Cellar/ruby/3.3.0/include/ruby-3.3.0 -I. -I/opt/homebrew/opt/libyaml/include -I/opt/homebrew/opt/openssl@3/include -D_XOPEN_SOURCE -D_DARWIN_C_SOURCE -D_DARWIN_UNLIMITED_SELECT -D_REENTRANT   -fdeclspec -O3 -fno-fast-math -ggdb3 -Wall -Wextra -Wextra-tokens -Wdeprecated-declarations -Wdivision-by-zero -Wdiv-by-zero -Wimplicit-function-declaration -Wimplicit-int -Wpointer-arith -Wshorten-64-to-32 -Wwrite-strings -Wold-style-definition -Wmissing-noreturn -Wno-cast-function-type -Wno-constant-logical-operand -Wno-long-long -Wno-missing-field-initializers -Wno-overlength-strings -Wno-parentheses-equality -Wno-self-assign -Wno-tautological-compare -Wno-unused-parameter -Wno-unused-value -Wunused-variable -Wmisleading-indentation -Wundef -fno-common -pipe -arch arm64 -isystem -Werror -c conftest.c"
warning: unknown warning option '-Wno-cast-function-type'; did you mean '-Wno-bad-function-cast'? [-Wunknown-warning-option]
1 warning generated.
checked program was:
/* begin */
1: #include "ruby.h"
2: 
3: int main(int argc, char **argv)
4: {
5:   return !!argv[argc];
6: }
/* end */

--------------------

append_cppflags: checking for whether /Users/bharathwaj/opt/anaconda3/envs/sage/include is accepted as CPPFLAGS... -------------------- no

DYLD_LIBRARY_PATH=.:/opt/homebrew/Cellar/ruby/3.3.0/lib "x86_64-apple-darwin13.4.0-clang -I/opt/homebrew/Cellar/ruby/3.3.0/include/ruby-3.3.0/arm64-darwin23 -I/opt/homebrew/Cellar/ruby/3.3.0/include/ruby-3.3.0/ruby/backward -I/opt/homebrew/Cellar/ruby/3.3.0/include/ruby-3.3.0 -I. -I/opt/homebrew/opt/libyaml/include -I/opt/homebrew/opt/openssl@3/include -D_XOPEN_SOURCE -D_DARWIN_C_SOURCE -D_DARWIN_UNLIMITED_SELECT -D_REENTRANT   -fdeclspec -O3 -fno-fast-math -ggdb3 -Wall -Wextra -Wextra-tokens -Wdeprecated-declarations -Wdivision-by-zero -Wdiv-by-zero -Wimplicit-function-declaration -Wimplicit-int -Wpointer-arith -Wshorten-64-to-32 -Wwrite-strings -Wold-style-definition -Wmissing-noreturn -Wno-cast-function-type -Wno-constant-logical-operand -Wno-long-long -Wno-missing-field-initializers -Wno-overlength-strings -Wno-parentheses-equality -Wno-self-assign -Wno-tautological-compare -Wno-unused-parameter -Wno-unused-value -Wunused-variable -Wmisleading-indentation -Wundef -fno-common -pipe -arch arm64 /Users/bharathwaj/opt/anaconda3/envs/sage/include -Werror -c conftest.c"
clang-11: error: /Users/bharathwaj/opt/anaconda3/envs/sage/include: 'linker' input unused [-Werror,-Wunused-command-line-argument]
checked program was:
/* begin */
1: #include "ruby.h"
2: 
3: int main(int argc, char **argv)
4: {
5:   return !!argv[argc];
6: }
/* end */

--------------------

append_ldflags: checking for whether -Wl,-pie is accepted as LDFLAGS... -------------------- yes

DYLD_LIBRARY_PATH=.:/opt/homebrew/Cellar/ruby/3.3.0/lib "x86_64-apple-darwin13.4.0-clang -o conftest -I/opt/homebrew/Cellar/ruby/3.3.0/include/ruby-3.3.0/arm64-darwin23 -I/opt/homebrew/Cellar/ruby/3.3.0/include/ruby-3.3.0/ruby/backward -I/opt/homebrew/Cellar/ruby/3.3.0/include/ruby-3.3.0 -I. -I/opt/homebrew/opt/libyaml/include -I/opt/homebrew/opt/openssl@3/include -D_XOPEN_SOURCE -D_DARWIN_C_SOURCE -D_DARWIN_UNLIMITED_SELECT -D_REENTRANT   -fdeclspec -O3 -fno-fast-math -ggdb3 -Wall -Wextra -Wextra-tokens -Wdeprecated-declarations -Wdivision-by-zero -Wdiv-by-zero -Wimplicit-function-declaration -Wimplicit-int -Wpointer-arith -Wshorten-64-to-32 -Wwrite-strings -Wold-style-definition -Wmissing-noreturn -Wno-cast-function-type -Wno-constant-logical-operand -Wno-long-long -Wno-missing-field-initializers -Wno-overlength-strings -Wno-parentheses-equality -Wno-self-assign -Wno-tautological-compare -Wno-unused-parameter -Wno-unused-value -Wunused-variable -Wmisleading-indentation -Wundef -fno-common -pipe conftest.c  -L. -L/opt/homebrew/Cellar/ruby/3.3.0/lib -L/opt/homebrew/opt/libyaml/lib -L/opt/homebrew/opt/openssl@3/lib -L. -fstack-protector-strong -L/opt/homebrew/opt/libyaml/lib -L/opt/homebrew/opt/openssl@3/lib  -arch arm64   -lruby.3.3 -Wl,-pie -lpthread  "
warning: unknown warning option '-Wno-cast-function-type'; did you mean '-Wno-bad-function-cast'? [-Wunknown-warning-option]
1 warning generated.
checked program was:
/* begin */
1: #include "ruby.h"
2: 
3: int main(int argc, char **argv)
4: {
5:   return !!argv[argc];
6: }
/* end */

--------------------

append_ldflags: checking for whether -Wl,-headerpad_max_install_names is accepted as LDFLAGS... -------------------- yes

DYLD_LIBRARY_PATH=.:/opt/homebrew/Cellar/ruby/3.3.0/lib "x86_64-apple-darwin13.4.0-clang -o conftest -I/opt/homebrew/Cellar/ruby/3.3.0/include/ruby-3.3.0/arm64-darwin23 -I/opt/homebrew/Cellar/ruby/3.3.0/include/ruby-3.3.0/ruby/backward -I/opt/homebrew/Cellar/ruby/3.3.0/include/ruby-3.3.0 -I. -I/opt/homebrew/opt/libyaml/include -I/opt/homebrew/opt/openssl@3/include -D_XOPEN_SOURCE -D_DARWIN_C_SOURCE -D_DARWIN_UNLIMITED_SELECT -D_REENTRANT   -fdeclspec -O3 -fno-fast-math -ggdb3 -Wall -Wextra -Wextra-tokens -Wdeprecated-declarations -Wdivision-by-zero -Wdiv-by-zero -Wimplicit-function-declaration -Wimplicit-int -Wpointer-arith -Wshorten-64-to-32 -Wwrite-strings -Wold-style-definition -Wmissing-noreturn -Wno-cast-function-type -Wno-constant-logical-operand -Wno-long-long -Wno-missing-field-initializers -Wno-overlength-strings -Wno-parentheses-equality -Wno-self-assign -Wno-tautological-compare -Wno-unused-parameter -Wno-unused-value -Wunused-variable -Wmisleading-indentation -Wundef -fno-common -pipe conftest.c  -L. -L/opt/homebrew/Cellar/ruby/3.3.0/lib -L/opt/homebrew/opt/libyaml/lib -L/opt/homebrew/opt/openssl@3/lib -L. -fstack-protector-strong -L/opt/homebrew/opt/libyaml/lib -L/opt/homebrew/opt/openssl@3/lib -Wl,-pie  -arch arm64   -lruby.3.3 -Wl,-headerpad_max_install_names -lpthread  "
warning: unknown warning option '-Wno-cast-function-type'; did you mean '-Wno-bad-function-cast'? [-Wunknown-warning-option]
1 warning generated.
checked program was:
/* begin */
1: #include "ruby.h"
2: 
3: int main(int argc, char **argv)
4: {
5:   return !!argv[argc];
6: }
/* end */

--------------------

append_ldflags: checking for whether -Wl,-dead_strip_dylibs is accepted as LDFLAGS... -------------------- yes

DYLD_LIBRARY_PATH=.:/opt/homebrew/Cellar/ruby/3.3.0/lib "x86_64-apple-darwin13.4.0-clang -o conftest -I/opt/homebrew/Cellar/ruby/3.3.0/include/ruby-3.3.0/arm64-darwin23 -I/opt/homebrew/Cellar/ruby/3.3.0/include/ruby-3.3.0/ruby/backward -I/opt/homebrew/Cellar/ruby/3.3.0/include/ruby-3.3.0 -I. -I/opt/homebrew/opt/libyaml/include -I/opt/homebrew/opt/openssl@3/include -D_XOPEN_SOURCE -D_DARWIN_C_SOURCE -D_DARWIN_UNLIMITED_SELECT -D_REENTRANT   -fdeclspec -O3 -fno-fast-math -ggdb3 -Wall -Wextra -Wextra-tokens -Wdeprecated-declarations -Wdivision-by-zero -Wdiv-by-zero -Wimplicit-function-declaration -Wimplicit-int -Wpointer-arith -Wshorten-64-to-32 -Wwrite-strings -Wold-style-definition -Wmissing-noreturn -Wno-cast-function-type -Wno-constant-logical-operand -Wno-long-long -Wno-missing-field-initializers -Wno-overlength-strings -Wno-parentheses-equality -Wno-self-assign -Wno-tautological-compare -Wno-unused-parameter -Wno-unused-value -Wunused-variable -Wmisleading-indentation -Wundef -fno-common -pipe conftest.c  -L. -L/opt/homebrew/Cellar/ruby/3.3.0/lib -L/opt/homebrew/opt/libyaml/lib -L/opt/homebrew/opt/openssl@3/lib -L. -fstack-protector-strong -L/opt/homebrew/opt/libyaml/lib -L/opt/homebrew/opt/openssl@3/lib -Wl,-pie -Wl,-headerpad_max_install_names  -arch arm64   -lruby.3.3 -Wl,-dead_strip_dylibs -lpthread  "
warning: unknown warning option '-Wno-cast-function-type'; did you mean '-Wno-bad-function-cast'? [-Wunknown-warning-option]
1 warning generated.
checked program was:
/* begin */
1: #include "ruby.h"
2: 
3: int main(int argc, char **argv)
4: {
5:   return !!argv[argc];
6: }
/* end */

--------------------

append_ldflags: checking for whether -Wl,-rpath,/Users/bharathwaj/opt/anaconda3/envs/sage/lib is accepted as LDFLAGS... -------------------- yes

DYLD_LIBRARY_PATH=.:/opt/homebrew/Cellar/ruby/3.3.0/lib "x86_64-apple-darwin13.4.0-clang -o conftest -I/opt/homebrew/Cellar/ruby/3.3.0/include/ruby-3.3.0/arm64-darwin23 -I/opt/homebrew/Cellar/ruby/3.3.0/include/ruby-3.3.0/ruby/backward -I/opt/homebrew/Cellar/ruby/3.3.0/include/ruby-3.3.0 -I. -I/opt/homebrew/opt/libyaml/include -I/opt/homebrew/opt/openssl@3/include -D_XOPEN_SOURCE -D_DARWIN_C_SOURCE -D_DARWIN_UNLIMITED_SELECT -D_REENTRANT   -fdeclspec -O3 -fno-fast-math -ggdb3 -Wall -Wextra -Wextra-tokens -Wdeprecated-declarations -Wdivision-by-zero -Wdiv-by-zero -Wimplicit-function-declaration -Wimplicit-int -Wpointer-arith -Wshorten-64-to-32 -Wwrite-strings -Wold-style-definition -Wmissing-noreturn -Wno-cast-function-type -Wno-constant-logical-operand -Wno-long-long -Wno-missing-field-initializers -Wno-overlength-strings -Wno-parentheses-equality -Wno-self-assign -Wno-tautological-compare -Wno-unused-parameter -Wno-unused-value -Wunused-variable -Wmisleading-indentation -Wundef -fno-common -pipe conftest.c  -L. -L/opt/homebrew/Cellar/ruby/3.3.0/lib -L/opt/homebrew/opt/libyaml/lib -L/opt/homebrew/opt/openssl@3/lib -L. -fstack-protector-strong -L/opt/homebrew/opt/libyaml/lib -L/opt/homebrew/opt/openssl@3/lib -Wl,-pie -Wl,-headerpad_max_install_names -Wl,-dead_strip_dylibs  -arch arm64   -lruby.3.3 -Wl,-rpath,/Users/bharathwaj/opt/anaconda3/envs/sage/lib -lpthread  "
warning: unknown warning option '-Wno-cast-function-type'; did you mean '-Wno-bad-function-cast'? [-Wunknown-warning-option]
1 warning generated.
checked program was:
/* begin */
1: #include "ruby.h"
2: 
3: int main(int argc, char **argv)
4: {
5:   return !!argv[argc];
6: }
/* end */

--------------------

append_ldflags: checking for whether -L/Users/bharathwaj/opt/anaconda3/envs/sage/lib is accepted as LDFLAGS... -------------------- yes

DYLD_LIBRARY_PATH=.:/opt/homebrew/Cellar/ruby/3.3.0/lib "x86_64-apple-darwin13.4.0-clang -o conftest -I/opt/homebrew/Cellar/ruby/3.3.0/include/ruby-3.3.0/arm64-darwin23 -I/opt/homebrew/Cellar/ruby/3.3.0/include/ruby-3.3.0/ruby/backward -I/opt/homebrew/Cellar/ruby/3.3.0/include/ruby-3.3.0 -I. -I/opt/homebrew/opt/libyaml/include -I/opt/homebrew/opt/openssl@3/include -D_XOPEN_SOURCE -D_DARWIN_C_SOURCE -D_DARWIN_UNLIMITED_SELECT -D_REENTRANT   -fdeclspec -O3 -fno-fast-math -ggdb3 -Wall -Wextra -Wextra-tokens -Wdeprecated-declarations -Wdivision-by-zero -Wdiv-by-zero -Wimplicit-function-declaration -Wimplicit-int -Wpointer-arith -Wshorten-64-to-32 -Wwrite-strings -Wold-style-definition -Wmissing-noreturn -Wno-cast-function-type -Wno-constant-logical-operand -Wno-long-long -Wno-missing-field-initializers -Wno-overlength-strings -Wno-parentheses-equality -Wno-self-assign -Wno-tautological-compare -Wno-unused-parameter -Wno-unused-value -Wunused-variable -Wmisleading-indentation -Wundef -fno-common -pipe conftest.c  -L. -L/opt/homebrew/Cellar/ruby/3.3.0/lib -L/opt/homebrew/opt/libyaml/lib -L/opt/homebrew/opt/openssl@3/lib -L. -fstack-protector-strong -L/opt/homebrew/opt/libyaml/lib -L/opt/homebrew/opt/openssl@3/lib -Wl,-pie -Wl,-headerpad_max_install_names -Wl,-dead_strip_dylibs -Wl,-rpath,/Users/bharathwaj/opt/anaconda3/envs/sage/lib  -arch arm64   -lruby.3.3 -L/Users/bharathwaj/opt/anaconda3/envs/sage/lib -lpthread  "
warning: unknown warning option '-Wno-cast-function-type'; did you mean '-Wno-bad-function-cast'? [-Wunknown-warning-option]
1 warning generated.
checked program was:
/* begin */
1: #include "ruby.h"
2: 
3: int main(int argc, char **argv)
4: {
5:   return !!argv[argc];
6: }
/* end */

--------------------

append_cflags: checking for whether -std=c99 is accepted as CFLAGS... -------------------- no

DYLD_LIBRARY_PATH=.:/opt/homebrew/Cellar/ruby/3.3.0/lib "x86_64-apple-darwin13.4.0-clang -I/opt/homebrew/Cellar/ruby/3.3.0/include/ruby-3.3.0/arm64-darwin23 -I/opt/homebrew/Cellar/ruby/3.3.0/include/ruby-3.3.0/ruby/backward -I/opt/homebrew/Cellar/ruby/3.3.0/include/ruby-3.3.0 -I. -I/opt/homebrew/opt/libyaml/include -I/opt/homebrew/opt/openssl@3/include -D_XOPEN_SOURCE -D_DARWIN_C_SOURCE -D_DARWIN_UNLIMITED_SELECT -D_REENTRANT   -fdeclspec -O3 -fno-fast-math -ggdb3 -Wall -Wextra -Wextra-tokens -Wdeprecated-declarations -Wdivision-by-zero -Wdiv-by-zero -Wimplicit-function-declaration -Wimplicit-int -Wpointer-arith -Wshorten-64-to-32 -Wwrite-strings -Wold-style-definition -Wmissing-noreturn -Wno-cast-function-type -Wno-constant-logical-operand -Wno-long-long -Wno-missing-field-initializers -Wno-overlength-strings -Wno-parentheses-equality -Wno-self-assign -Wno-tautological-compare -Wno-unused-parameter -Wno-unused-value -Wunused-variable -Wmisleading-indentation -Wundef -fno-common -pipe -arch arm64 -std=c99 -Werror -c conftest.c"
error: unknown warning option '-Wno-cast-function-type'; did you mean '-Wno-bad-function-cast'? [-Werror,-Wunknown-warning-option]
checked program was:
/* begin */
1: #include "ruby.h"
2: 
3: int main(int argc, char **argv)
4: {
5:   return !!argv[argc];
6: }
/* end */

--------------------

append_cflags: checking for whether -Wno-declaration-after-statement is accepted as CFLAGS... -------------------- no

DYLD_LIBRARY_PATH=.:/opt/homebrew/Cellar/ruby/3.3.0/lib "x86_64-apple-darwin13.4.0-clang -I/opt/homebrew/Cellar/ruby/3.3.0/include/ruby-3.3.0/arm64-darwin23 -I/opt/homebrew/Cellar/ruby/3.3.0/include/ruby-3.3.0/ruby/backward -I/opt/homebrew/Cellar/ruby/3.3.0/include/ruby-3.3.0 -I. -I/opt/homebrew/opt/libyaml/include -I/opt/homebrew/opt/openssl@3/include -D_XOPEN_SOURCE -D_DARWIN_C_SOURCE -D_DARWIN_UNLIMITED_SELECT -D_REENTRANT   -fdeclspec -O3 -fno-fast-math -ggdb3 -Wall -Wextra -Wextra-tokens -Wdeprecated-declarations -Wdivision-by-zero -Wdiv-by-zero -Wimplicit-function-declaration -Wimplicit-int -Wpointer-arith -Wshorten-64-to-32 -Wwrite-strings -Wold-style-definition -Wmissing-noreturn -Wno-cast-function-type -Wno-constant-logical-operand -Wno-long-long -Wno-missing-field-initializers -Wno-overlength-strings -Wno-parentheses-equality -Wno-self-assign -Wno-tautological-compare -Wno-unused-parameter -Wno-unused-value -Wunused-variable -Wmisleading-indentation -Wundef -fno-common -pipe -arch arm64 -Wno-declaration-after-statement -Werror -c conftest.c"
error: unknown warning option '-Wno-cast-function-type'; did you mean '-Wno-bad-function-cast'? [-Werror,-Wunknown-warning-option]
checked program was:
/* begin */
1: #include "ruby.h"
2: 
3: int main(int argc, char **argv)
4: {
5:   return !!argv[argc];
6: }
/* end */

--------------------

append_cflags: checking for whether -g is accepted as CFLAGS... -------------------- no

DYLD_LIBRARY_PATH=.:/opt/homebrew/Cellar/ruby/3.3.0/lib "x86_64-apple-darwin13.4.0-clang -I/opt/homebrew/Cellar/ruby/3.3.0/include/ruby-3.3.0/arm64-darwin23 -I/opt/homebrew/Cellar/ruby/3.3.0/include/ruby-3.3.0/ruby/backward -I/opt/homebrew/Cellar/ruby/3.3.0/include/ruby-3.3.0 -I. -I/opt/homebrew/opt/libyaml/include -I/opt/homebrew/opt/openssl@3/include -D_XOPEN_SOURCE -D_DARWIN_C_SOURCE -D_DARWIN_UNLIMITED_SELECT -D_REENTRANT   -fdeclspec -O3 -fno-fast-math -ggdb3 -Wall -Wextra -Wextra-tokens -Wdeprecated-declarations -Wdivision-by-zero -Wdiv-by-zero -Wimplicit-function-declaration -Wimplicit-int -Wpointer-arith -Wshorten-64-to-32 -Wwrite-strings -Wold-style-definition -Wmissing-noreturn -Wno-cast-function-type -Wno-constant-logical-operand -Wno-long-long -Wno-missing-field-initializers -Wno-overlength-strings -Wno-parentheses-equality -Wno-self-assign -Wno-tautological-compare -Wno-unused-parameter -Wno-unused-value -Wunused-variable -Wmisleading-indentation -Wundef -fno-common -pipe -arch arm64 -g -Werror -c conftest.c"
error: unknown warning option '-Wno-cast-function-type'; did you mean '-Wno-bad-function-cast'? [-Werror,-Wunknown-warning-option]
checked program was:
/* begin */
1: #include "ruby.h"
2: 
3: int main(int argc, char **argv)
4: {
5:   return !!argv[argc];
6: }
/* end */

--------------------

append_cflags: checking for whether -Winline is accepted as CFLAGS... -------------------- no

DYLD_LIBRARY_PATH=.:/opt/homebrew/Cellar/ruby/3.3.0/lib "x86_64-apple-darwin13.4.0-clang -I/opt/homebrew/Cellar/ruby/3.3.0/include/ruby-3.3.0/arm64-darwin23 -I/opt/homebrew/Cellar/ruby/3.3.0/include/ruby-3.3.0/ruby/backward -I/opt/homebrew/Cellar/ruby/3.3.0/include/ruby-3.3.0 -I. -I/opt/homebrew/opt/libyaml/include -I/opt/homebrew/opt/openssl@3/include -D_XOPEN_SOURCE -D_DARWIN_C_SOURCE -D_DARWIN_UNLIMITED_SELECT -D_REENTRANT   -fdeclspec -O3 -fno-fast-math -ggdb3 -Wall -Wextra -Wextra-tokens -Wdeprecated-declarations -Wdivision-by-zero -Wdiv-by-zero -Wimplicit-function-declaration -Wimplicit-int -Wpointer-arith -Wshorten-64-to-32 -Wwrite-strings -Wold-style-definition -Wmissing-noreturn -Wno-cast-function-type -Wno-constant-logical-operand -Wno-long-long -Wno-missing-field-initializers -Wno-overlength-strings -Wno-parentheses-equality -Wno-self-assign -Wno-tautological-compare -Wno-unused-parameter -Wno-unused-value -Wunused-variable -Wmisleading-indentation -Wundef -fno-common -pipe -arch arm64 -Winline -Werror -c conftest.c"
error: unknown warning option '-Wno-cast-function-type'; did you mean '-Wno-bad-function-cast'? [-Werror,-Wunknown-warning-option]
checked program was:
/* begin */
1: #include "ruby.h"
2: 
3: int main(int argc, char **argv)
4: {
5:   return !!argv[argc];
6: }
/* end */

--------------------

append_cflags: checking for whether -Wmissing-noreturn is accepted as CFLAGS... -------------------- no

DYLD_LIBRARY_PATH=.:/opt/homebrew/Cellar/ruby/3.3.0/lib "x86_64-apple-darwin13.4.0-clang -I/opt/homebrew/Cellar/ruby/3.3.0/include/ruby-3.3.0/arm64-darwin23 -I/opt/homebrew/Cellar/ruby/3.3.0/include/ruby-3.3.0/ruby/backward -I/opt/homebrew/Cellar/ruby/3.3.0/include/ruby-3.3.0 -I. -I/opt/homebrew/opt/libyaml/include -I/opt/homebrew/opt/openssl@3/include -D_XOPEN_SOURCE -D_DARWIN_C_SOURCE -D_DARWIN_UNLIMITED_SELECT -D_REENTRANT   -fdeclspec -O3 -fno-fast-math -ggdb3 -Wall -Wextra -Wextra-tokens -Wdeprecated-declarations -Wdivision-by-zero -Wdiv-by-zero -Wimplicit-function-declaration -Wimplicit-int -Wpointer-arith -Wshorten-64-to-32 -Wwrite-strings -Wold-style-definition -Wmissing-noreturn -Wno-cast-function-type -Wno-constant-logical-operand -Wno-long-long -Wno-missing-field-initializers -Wno-overlength-strings -Wno-parentheses-equality -Wno-self-assign -Wno-tautological-compare -Wno-unused-parameter -Wno-unused-value -Wunused-variable -Wmisleading-indentation -Wundef -fno-common -pipe -arch arm64 -Wmissing-noreturn -Werror -c conftest.c"
error: unknown warning option '-Wno-cast-function-type'; did you mean '-Wno-bad-function-cast'? [-Werror,-Wunknown-warning-option]
checked program was:
/* begin */
1: #include "ruby.h"
2: 
3: int main(int argc, char **argv)
4: {
5:   return !!argv[argc];
6: }
/* end */

--------------------

append_cflags: checking for whether -Wno-error=unused-command-line-argument-hard-error-in-future is accepted as CFLAGS... -------------------- no

DYLD_LIBRARY_PATH=.:/opt/homebrew/Cellar/ruby/3.3.0/lib "x86_64-apple-darwin13.4.0-clang -I/opt/homebrew/Cellar/ruby/3.3.0/include/ruby-3.3.0/arm64-darwin23 -I/opt/homebrew/Cellar/ruby/3.3.0/include/ruby-3.3.0/ruby/backward -I/opt/homebrew/Cellar/ruby/3.3.0/include/ruby-3.3.0 -I. -I/opt/homebrew/opt/libyaml/include -I/opt/homebrew/opt/openssl@3/include -D_XOPEN_SOURCE -D_DARWIN_C_SOURCE -D_DARWIN_UNLIMITED_SELECT -D_REENTRANT   -fdeclspec -O3 -fno-fast-math -ggdb3 -Wall -Wextra -Wextra-tokens -Wdeprecated-declarations -Wdivision-by-zero -Wdiv-by-zero -Wimplicit-function-declaration -Wimplicit-int -Wpointer-arith -Wshorten-64-to-32 -Wwrite-strings -Wold-style-definition -Wmissing-noreturn -Wno-cast-function-type -Wno-constant-logical-operand -Wno-long-long -Wno-missing-field-initializers -Wno-overlength-strings -Wno-parentheses-equality -Wno-self-assign -Wno-tautological-compare -Wno-unused-parameter -Wno-unused-value -Wunused-variable -Wmisleading-indentation -Wundef -fno-common -pipe -arch arm64 -Wno-error=unused-command-line-argument-hard-error-in-future -Werror -c conftest.c"
error: unknown warning option '-Wno-cast-function-type'; did you mean '-Wno-bad-function-cast'? [-Werror,-Wunknown-warning-option]
error: unknown warning option '-Werror=unused-command-line-argument-hard-error-in-future'; did you mean '-Werror=unused-command-line-argument'? [-Werror,-Wunknown-warning-option]
checked program was:
/* begin */
1: #include "ruby.h"
2: 
3: int main(int argc, char **argv)
4: {
5:   return !!argv[argc];
6: }
/* end */

--------------------

have_header: checking for iconv.h... -------------------- yes

DYLD_LIBRARY_PATH=.:/opt/homebrew/Cellar/ruby/3.3.0/lib "x86_64-apple-darwin13.4.0-clang -I/opt/homebrew/Cellar/ruby/3.3.0/include/ruby-3.3.0/arm64-darwin23 -I/opt/homebrew/Cellar/ruby/3.3.0/include/ruby-3.3.0/ruby/backward -I/opt/homebrew/Cellar/ruby/3.3.0/include/ruby-3.3.0 -I. -I/opt/homebrew/opt/libyaml/include -I/opt/homebrew/opt/openssl@3/include -D_XOPEN_SOURCE -D_DARWIN_C_SOURCE -D_DARWIN_UNLIMITED_SELECT -D_REENTRANT   -fdeclspec -O3 -fno-fast-math -ggdb3 -Wall -Wextra -Wextra-tokens -Wdeprecated-declarations -Wdivision-by-zero -Wdiv-by-zero -Wimplicit-function-declaration -Wimplicit-int -Wpointer-arith -Wshorten-64-to-32 -Wwrite-strings -Wold-style-definition -Wmissing-noreturn -Wno-cast-function-type -Wno-constant-logical-operand -Wno-long-long -Wno-missing-field-initializers -Wno-overlength-strings -Wno-parentheses-equality -Wno-self-assign -Wno-tautological-compare -Wno-unused-parameter -Wno-unused-value -Wunused-variable -Wmisleading-indentation -Wundef -fno-common -pipe -arch arm64  -c conftest.c"
warning: unknown warning option '-Wno-cast-function-type'; did you mean '-Wno-bad-function-cast'? [-Wunknown-warning-option]
1 warning generated.
checked program was:
/* begin */
1: #include "ruby.h"
2: 
3: #include <iconv.h>
/* end */

--------------------

try_link_iconv: checking for iconv using --with-opt-* flags... -------------------- no

DYLD_LIBRARY_PATH=.:/opt/homebrew/Cellar/ruby/3.3.0/lib "x86_64-apple-darwin13.4.0-clang -o conftest -I/opt/homebrew/Cellar/ruby/3.3.0/include/ruby-3.3.0/arm64-darwin23 -I/opt/homebrew/Cellar/ruby/3.3.0/include/ruby-3.3.0/ruby/backward -I/opt/homebrew/Cellar/ruby/3.3.0/include/ruby-3.3.0 -I. -I/opt/homebrew/opt/libyaml/include -I/opt/homebrew/opt/openssl@3/include -D_XOPEN_SOURCE -D_DARWIN_C_SOURCE -D_DARWIN_UNLIMITED_SELECT -D_REENTRANT   -fdeclspec -O3 -fno-fast-math -ggdb3 -Wall -Wextra -Wextra-tokens -Wdeprecated-declarations -Wdivision-by-zero -Wdiv-by-zero -Wimplicit-function-declaration -Wimplicit-int -Wpointer-arith -Wshorten-64-to-32 -Wwrite-strings -Wold-style-definition -Wmissing-noreturn -Wno-cast-function-type -Wno-constant-logical-operand -Wno-long-long -Wno-missing-field-initializers -Wno-overlength-strings -Wno-parentheses-equality -Wno-self-assign -Wno-tautological-compare -Wno-unused-parameter -Wno-unused-value -Wunused-variable -Wmisleading-indentation -Wundef -fno-common -pipe conftest.c  -L. -L/opt/homebrew/Cellar/ruby/3.3.0/lib -L/opt/homebrew/opt/libyaml/lib -L/opt/homebrew/opt/openssl@3/lib -L. -fstack-protector-strong -L/opt/homebrew/opt/libyaml/lib -L/opt/homebrew/opt/openssl@3/lib -Wl,-pie -Wl,-headerpad_max_install_names -Wl,-dead_strip_dylibs -Wl,-rpath,/Users/bharathwaj/opt/anaconda3/envs/sage/lib -L/Users/bharathwaj/opt/anaconda3/envs/sage/lib  -arch arm64   -lruby.3.3  -lpthread  "
warning: unknown warning option '-Wno-cast-function-type'; did you mean '-Wno-bad-function-cast'? [-Wunknown-warning-option]
1 warning generated.
Undefined symbols for architecture arm64:
  "_iconv", referenced from:
      _main in conftest-2c1b2e.o
  "_iconv_open", referenced from:
      _main in conftest-2c1b2e.o
ld: symbol(s) not found for architecture arm64
clang-11: error: linker command failed with exit code 1 (use -v to see invocation)
checked program was:
/* begin */
 1: #include "ruby.h"
 2: 
 3: #include <stdlib.h>
 4: #include <iconv.h>
 5: int main(void)
 6: {
 7:     iconv_t cd = iconv_open("", "");
 8:     iconv(cd, NULL, NULL, NULL, NULL);
 9:     return EXIT_SUCCESS;
10: }
/* end */

DYLD_LIBRARY_PATH=.:/opt/homebrew/Cellar/ruby/3.3.0/lib "x86_64-apple-darwin13.4.0-clang -o conftest -I/opt/homebrew/Cellar/ruby/3.3.0/include/ruby-3.3.0/arm64-darwin23 -I/opt/homebrew/Cellar/ruby/3.3.0/include/ruby-3.3.0/ruby/backward -I/opt/homebrew/Cellar/ruby/3.3.0/include/ruby-3.3.0 -I. -I/opt/homebrew/opt/libyaml/include -I/opt/homebrew/opt/openssl@3/include -D_XOPEN_SOURCE -D_DARWIN_C_SOURCE -D_DARWIN_UNLIMITED_SELECT -D_REENTRANT   -fdeclspec -O3 -fno-fast-math -ggdb3 -Wall -Wextra -Wextra-tokens -Wdeprecated-declarations -Wdivision-by-zero -Wdiv-by-zero -Wimplicit-function-declaration -Wimplicit-int -Wpointer-arith -Wshorten-64-to-32 -Wwrite-strings -Wold-style-definition -Wmissing-noreturn -Wno-cast-function-type -Wno-constant-logical-operand -Wno-long-long -Wno-missing-field-initializers -Wno-overlength-strings -Wno-parentheses-equality -Wno-self-assign -Wno-tautological-compare -Wno-unused-parameter -Wno-unused-value -Wunused-variable -Wmisleading-indentation -Wundef -fno-common -pipe conftest.c  -L. -L/opt/homebrew/Cellar/ruby/3.3.0/lib -L/opt/homebrew/opt/libyaml/lib -L/opt/homebrew/opt/openssl@3/lib -L. -fstack-protector-strong -L/opt/homebrew/opt/libyaml/lib -L/opt/homebrew/opt/openssl@3/lib -Wl,-pie -Wl,-headerpad_max_install_names -Wl,-dead_strip_dylibs -Wl,-rpath,/Users/bharathwaj/opt/anaconda3/envs/sage/lib -L/Users/bharathwaj/opt/anaconda3/envs/sage/lib  -arch arm64   -lruby.3.3 -liconv -lpthread  "
warning: unknown warning option '-Wno-cast-function-type'; did you mean '-Wno-bad-function-cast'? [-Wunknown-warning-option]
1 warning generated.
ld: warning: ignoring file /Users/bharathwaj/opt/anaconda3/envs/sage/lib/libiconv.dylib, building for macOS-arm64 but attempting to link with file built for macOS-x86_64
Undefined symbols for architecture arm64:
  "_iconv", referenced from:
      _main in conftest-2712df.o
  "_iconv_open", referenced from:
      _main in conftest-2712df.o
ld: symbol(s) not found for architecture arm64
clang-11: error: linker command failed with exit code 1 (use -v to see invocation)
checked program was:
/* begin */
 1: #include "ruby.h"
 2: 
 3: #include <stdlib.h>
 4: #include <iconv.h>
 5: int main(void)
 6: {
 7:     iconv_t cd = iconv_open("", "");
 8:     iconv(cd, NULL, NULL, NULL, NULL);
 9:     return EXIT_SUCCESS;
10: }
/* end */

--------------------

try_link_iconv: checking for iconv... -------------------- no

DYLD_LIBRARY_PATH=.:/opt/homebrew/Cellar/ruby/3.3.0/lib "x86_64-apple-darwin13.4.0-clang -o conftest -I/opt/homebrew/Cellar/ruby/3.3.0/include/ruby-3.3.0/arm64-darwin23 -I/opt/homebrew/Cellar/ruby/3.3.0/include/ruby-3.3.0/ruby/backward -I/opt/homebrew/Cellar/ruby/3.3.0/include/ruby-3.3.0 -I. -I/opt/homebrew/opt/libyaml/include -I/opt/homebrew/opt/openssl@3/include -D_XOPEN_SOURCE -D_DARWIN_C_SOURCE -D_DARWIN_UNLIMITED_SELECT -D_REENTRANT   -fdeclspec -O3 -fno-fast-math -ggdb3 -Wall -Wextra -Wextra-tokens -Wdeprecated-declarations -Wdivision-by-zero -Wdiv-by-zero -Wimplicit-function-declaration -Wimplicit-int -Wpointer-arith -Wshorten-64-to-32 -Wwrite-strings -Wold-style-definition -Wmissing-noreturn -Wno-cast-function-type -Wno-constant-logical-operand -Wno-long-long -Wno-missing-field-initializers -Wno-overlength-strings -Wno-parentheses-equality -Wno-self-assign -Wno-tautological-compare -Wno-unused-parameter -Wno-unused-value -Wunused-variable -Wmisleading-indentation -Wundef -fno-common -pipe conftest.c  -L. -L/opt/homebrew/Cellar/ruby/3.3.0/lib -L/opt/homebrew/opt/libyaml/lib -L/opt/homebrew/opt/openssl@3/lib -L. -fstack-protector-strong -L/opt/homebrew/opt/libyaml/lib -L/opt/homebrew/opt/openssl@3/lib -Wl,-pie -Wl,-headerpad_max_install_names -Wl,-dead_strip_dylibs -Wl,-rpath,/Users/bharathwaj/opt/anaconda3/envs/sage/lib -L/Users/bharathwaj/opt/anaconda3/envs/sage/lib  -arch arm64   -lruby.3.3  -lpthread  "
warning: unknown warning option '-Wno-cast-function-type'; did you mean '-Wno-bad-function-cast'? [-Wunknown-warning-option]
1 warning generated.
Undefined symbols for architecture arm64:
  "_iconv", referenced from:
      _main in conftest-88c399.o
  "_iconv_open", referenced from:
      _main in conftest-88c399.o
ld: symbol(s) not found for architecture arm64
clang-11: error: linker command failed with exit code 1 (use -v to see invocation)
checked program was:
/* begin */
 1: #include "ruby.h"
 2: 
 3: #include <stdlib.h>
 4: #include <iconv.h>
 5: int main(void)
 6: {
 7:     iconv_t cd = iconv_open("", "");
 8:     iconv(cd, NULL, NULL, NULL, NULL);
 9:     return EXIT_SUCCESS;
10: }
/* end */

DYLD_LIBRARY_PATH=.:/opt/homebrew/Cellar/ruby/3.3.0/lib "x86_64-apple-darwin13.4.0-clang -o conftest -I/opt/homebrew/Cellar/ruby/3.3.0/include/ruby-3.3.0/arm64-darwin23 -I/opt/homebrew/Cellar/ruby/3.3.0/include/ruby-3.3.0/ruby/backward -I/opt/homebrew/Cellar/ruby/3.3.0/include/ruby-3.3.0 -I. -I/opt/homebrew/opt/libyaml/include -I/opt/homebrew/opt/openssl@3/include -D_XOPEN_SOURCE -D_DARWIN_C_SOURCE -D_DARWIN_UNLIMITED_SELECT -D_REENTRANT   -fdeclspec -O3 -fno-fast-math -ggdb3 -Wall -Wextra -Wextra-tokens -Wdeprecated-declarations -Wdivision-by-zero -Wdiv-by-zero -Wimplicit-function-declaration -Wimplicit-int -Wpointer-arith -Wshorten-64-to-32 -Wwrite-strings -Wold-style-definition -Wmissing-noreturn -Wno-cast-function-type -Wno-constant-logical-operand -Wno-long-long -Wno-missing-field-initializers -Wno-overlength-strings -Wno-parentheses-equality -Wno-self-assign -Wno-tautological-compare -Wno-unused-parameter -Wno-unused-value -Wunused-variable -Wmisleading-indentation -Wundef -fno-common -pipe conftest.c  -L. -L/opt/homebrew/Cellar/ruby/3.3.0/lib -L/opt/homebrew/opt/libyaml/lib -L/opt/homebrew/opt/openssl@3/lib -L. -fstack-protector-strong -L/opt/homebrew/opt/libyaml/lib -L/opt/homebrew/opt/openssl@3/lib -Wl,-pie -Wl,-headerpad_max_install_names -Wl,-dead_strip_dylibs -Wl,-rpath,/Users/bharathwaj/opt/anaconda3/envs/sage/lib -L/Users/bharathwaj/opt/anaconda3/envs/sage/lib  -arch arm64   -lruby.3.3 -liconv -lpthread  "
warning: unknown warning option '-Wno-cast-function-type'; did you mean '-Wno-bad-function-cast'? [-Wunknown-warning-option]
1 warning generated.
ld: warning: ignoring file /Users/bharathwaj/opt/anaconda3/envs/sage/lib/libiconv.dylib, building for macOS-arm64 but attempting to link with file built for macOS-x86_64
Undefined symbols for architecture arm64:
  "_iconv", referenced from:
      _main in conftest-0384f3.o
  "_iconv_open", referenced from:
      _main in conftest-0384f3.o
ld: symbol(s) not found for architecture arm64
clang-11: error: linker command failed with exit code 1 (use -v to see invocation)
checked program was:
/* begin */
 1: #include "ruby.h"
 2: 
 3: #include <stdlib.h>
 4: #include <iconv.h>
 5: int main(void)
 6: {
 7:     iconv_t cd = iconv_open("", "");
 8:     iconv(cd, NULL, NULL, NULL, NULL);
 9:     return EXIT_SUCCESS;
10: }
/* end */

--------------------

