current directory: /Users/bharathwaj/Library/CloudStorage/Dropbox/Mac (3)/Documents/GitHub/pbharathwaj.github.io/vendor/bundle/ruby/3.3.0/gems/json-2.10.2/ext/json/ext/parser
/opt/homebrew/opt/ruby/bin/ruby extconf.rb
checking for rb_enc_interned_str() in ruby.h... yes
checking for rb_hash_new_capa() in ruby.h... yes
checking for rb_hash_bulk_insert() in ruby.h... yes
checking for rb_category_warn() in ruby.h... yes
checking for strnlen() in string.h... yes
checking for whether -std=c99 is accepted as CFLAGS... yes
creating Makefile

current directory: /Users/bharathwaj/Library/CloudStorage/Dropbox/Mac (3)/Documents/GitHub/pbharathwaj.github.io/vendor/bundle/ruby/3.3.0/gems/json-2.10.2/ext/json/ext/parser
make DESTDIR\= sitearchdir\=./.gem.20250406-16927-lqkbf3 sitelibdir\=./.gem.20250406-16927-lqkbf3 clean

current directory: /Users/bharathwaj/Library/CloudStorage/Dropbox/Mac (3)/Documents/GitHub/pbharathwaj.github.io/vendor/bundle/ruby/3.3.0/gems/json-2.10.2/ext/json/ext/parser
make DESTDIR\= sitearchdir\=./.gem.20250406-16927-lqkbf3 sitelibdir\=./.gem.20250406-16927-lqkbf3
compiling parser.c
linking shared-object json/ext/parser.bundle

current directory: /Users/bharathwaj/Library/CloudStorage/Dropbox/Mac (3)/Documents/GitHub/pbharathwaj.github.io/vendor/bundle/ruby/3.3.0/gems/json-2.10.2/ext/json/ext/parser
make DESTDIR\= sitearchdir\=./.gem.20250406-16927-lqkbf3 sitelibdir\=./.gem.20250406-16927-lqkbf3 install
/usr/bin/install -c -m 0755 parser.bundle ./.gem.20250406-16927-lqkbf3/json/ext

current directory: /Users/bharathwaj/Library/CloudStorage/Dropbox/Mac (3)/Documents/GitHub/pbharathwaj.github.io/vendor/bundle/ruby/3.3.0/gems/json-2.10.2/ext/json/ext/parser
make DESTDIR\= sitearchdir\=./.gem.20250406-16927-lqkbf3 sitelibdir\=./.gem.20250406-16927-lqkbf3 clean
