current directory: /Users/bharathwaj/Library/CloudStorage/Dropbox/Mac (3)/Documents/GitHub/pbharathwaj.github.io/vendor/bundle/ruby/3.3.0/gems/RedCloth-4.2.9/ext/redcloth_scan
/opt/homebrew/opt/ruby/bin/ruby extconf.rb
checking for main() in -lc... yes
creating Makefile

current directory: /Users/bharathwaj/Library/CloudStorage/Dropbox/Mac (3)/Documents/GitHub/pbharathwaj.github.io/vendor/bundle/ruby/3.3.0/gems/RedCloth-4.2.9/ext/redcloth_scan
make DESTDIR\= sitearchdir\=./.gem.20240417-69606-udt9ad sitelibdir\=./.gem.20240417-69606-udt9ad clean

current directory: /Users/bharathwaj/Library/CloudStorage/Dropbox/Mac (3)/Documents/GitHub/pbharathwaj.github.io/vendor/bundle/ruby/3.3.0/gems/RedCloth-4.2.9/ext/redcloth_scan
make DESTDIR\= sitearchdir\=./.gem.20240417-69606-udt9ad sitelibdir\=./.gem.20240417-69606-udt9ad
compiling redcloth_attributes.c
warning: unknown warning option '-Wno-cast-function-type'; did you mean '-Wno-bad-function-cast'? [-Wunknown-warning-option]
ext/redcloth_scan/redcloth_attributes.c:403:18: warning: unused variable 'redcloth_attributes_error' [-Wunused-const-variable]
static const int redcloth_attributes_error = 0;
                 ^
2 warnings generated.
compiling redcloth_inline.c
warning: unknown warning option '-Wno-cast-function-type'; did you mean '-Wno-bad-function-cast'? [-Wunknown-warning-option]
ext/redcloth_scan/redcloth_inline.c:7112:18: warning: unused variable 'redcloth_inline_error' [-Wunused-const-variable]
static const int redcloth_inline_error = 0;
                 ^
ext/redcloth_scan/redcloth_inline.c:7114:18: warning: unused variable 'redcloth_inline_en_code_tag' [-Wunused-const-variable]
static const int redcloth_inline_en_code_tag = 1516;
                 ^
ext/redcloth_scan/redcloth_inline.c:7115:18: warning: unused variable 'redcloth_inline_en_main' [-Wunused-const-variable]
static const int redcloth_inline_en_main = 1270;
                 ^
4 warnings generated.
compiling redcloth_scan.c
warning: unknown warning option '-Wno-cast-function-type'; did you mean '-Wno-bad-function-cast'? [-Wunknown-warning-option]
ext/redcloth_scan/redcloth_scan.c:23028:18: warning: unused variable 'redcloth_scan_error' [-Wunused-const-variable]
static const int redcloth_scan_error = 0;
                 ^
ext/redcloth_scan/redcloth_scan.c:23030:18: warning: unused variable 'redcloth_scan_en_pre_tag' [-Wunused-const-variable]
static const int redcloth_scan_en_pre_tag = 2420;
                 ^
ext/redcloth_scan/redcloth_scan.c:23031:18: warning: unused variable 'redcloth_scan_en_pre_block' [-Wunused-const-variable]
static const int redcloth_scan_en_pre_block = 2423;
                 ^
ext/redcloth_scan/redcloth_scan.c:23032:18: warning: unused variable 'redcloth_scan_en_script_tag' [-Wunused-const-variable]
static const int redcloth_scan_en_script_tag = 2431;
                 ^
ext/redcloth_scan/redcloth_scan.c:23033:18: warning: unused variable 'redcloth_scan_en_noparagraph_line' [-Wunused-const-variable]
static const int redcloth_scan_en_noparagraph_line = 2434;
                 ^
ext/redcloth_scan/redcloth_scan.c:23034:18: warning: unused variable 'redcloth_scan_en_notextile_block' [-Wunused-const-variable]
static const int redcloth_scan_en_notextile_block = 2435;
                 ^
ext/redcloth_scan/redcloth_scan.c:23035:18: warning: unused variable 'redcloth_scan_en_html' [-Wunused-const-variable]
static const int redcloth_scan_en_html = 2443;
                 ^
ext/redcloth_scan/redcloth_scan.c:23036:18: warning: unused variable 'redcloth_scan_en_bc' [-Wunused-const-variable]
static const int redcloth_scan_en_bc = 2449;
                 ^
ext/redcloth_scan/redcloth_scan.c:23037:18: warning: unused variable 'redcloth_scan_en_bq' [-Wunused-const-variable]
static const int redcloth_scan_en_bq = 2457;
                 ^
ext/redcloth_scan/redcloth_scan.c:23038:18: warning: unused variable 'redcloth_scan_en_block' [-Wunused-const-variable]
static const int redcloth_scan_en_block = 2465;
                 ^
ext/redcloth_scan/redcloth_scan.c:23039:18: warning: unused variable 'redcloth_scan_en_footnote' [-Wunused-const-variable]
static const int redcloth_scan_en_footnote = 2475;
                 ^
ext/redcloth_scan/redcloth_scan.c:23040:18: warning: unused variable 'redcloth_scan_en_list_item' [-Wunused-const-variable]
static const int redcloth_scan_en_list_item = 2159;
                 ^
ext/redcloth_scan/redcloth_scan.c:23041:18: warning: unused variable 'redcloth_scan_en_list_content' [-Wunused-const-variable]
static const int redcloth_scan_en_list_content = 2479;
                 ^
ext/redcloth_scan/redcloth_scan.c:23042:18: warning: unused variable 'redcloth_scan_en_dl' [-Wunused-const-variable]
static const int redcloth_scan_en_dl = 2484;
                 ^
ext/redcloth_scan/redcloth_scan.c:23043:18: warning: unused variable 'redcloth_scan_en_main' [-Wunused-const-variable]
static const int redcloth_scan_en_main = 2250;
                 ^
16 warnings generated.
linking shared-object redcloth_scan.bundle

current directory: /Users/bharathwaj/Library/CloudStorage/Dropbox/Mac (3)/Documents/GitHub/pbharathwaj.github.io/vendor/bundle/ruby/3.3.0/gems/RedCloth-4.2.9/ext/redcloth_scan
make DESTDIR\= sitearchdir\=./.gem.20240417-69606-udt9ad sitelibdir\=./.gem.20240417-69606-udt9ad install
/usr/bin/install -c -m 0755 redcloth_scan.bundle ./.gem.20240417-69606-udt9ad

current directory: /Users/bharathwaj/Library/CloudStorage/Dropbox/Mac (3)/Documents/GitHub/pbharathwaj.github.io/vendor/bundle/ruby/3.3.0/gems/RedCloth-4.2.9/ext/redcloth_scan
make DESTDIR\= sitearchdir\=./.gem.20240417-69606-udt9ad sitelibdir\=./.gem.20240417-69606-udt9ad clean
