current directory: /Users/bharathwaj/Library/CloudStorage/Dropbox/Mac (3)/Documents/GitHub/pbharathwaj.github.io/vendor/bundle/ruby/3.3.0/gems/ffi-1.16.3/ext/ffi_c
/opt/homebrew/opt/ruby/bin/ruby extconf.rb --with-cflags\=-Wno-error\=implicit-function-declaration
checking for pkg-config for libffi... *** extconf.rb failed ***
Could not create Makefile due to some reason, probably lack of necessary
libraries and/or headers.  Check the mkmf.log file for more details.  You may
need configuration options.

Provided configuration options:
	--with-opt-dir
	--with-opt-include=${opt-dir}/include
	--without-opt-include
	--with-opt-lib=${opt-dir}/lib
	--without-opt-lib
	--with-make-prog
	--without-make-prog
	--srcdir=.
	--curdir
	--ruby=/opt/homebrew/Cellar/ruby/3.3.0/bin/$(RUBY_BASE_NAME)
	--with-ffi_c-dir
	--without-ffi_c-dir
	--with-ffi_c-include=${ffi_c-dir}/include
	--without-ffi_c-include
	--with-ffi_c-lib=${ffi_c-dir}/lib
	--without-ffi_c-lib
	--enable-debug
	--disable-debug
	--enable-system-libffi
	--disable-system-libffi
	--with-libffi-dir
	--without-libffi-dir
	--with-libffi-include=${libffi-dir}/include
	--without-libffi-include
	--with-libffi-lib=${libffi-dir}/lib
	--without-libffi-lib
	--with-libffi-config
	--without-libffi-config
	--with-pkg-config
	--without-pkg-config
/opt/homebrew/Cellar/ruby/3.3.0/lib/ruby/3.3.0/mkmf.rb:480:in `try_do': The compiler failed to generate an executable file. (RuntimeError)
You have to install development tools first.

	from /opt/homebrew/Cellar/ruby/3.3.0/lib/ruby/3.3.0/mkmf.rb:573:in `try_link0'
	from /opt/homebrew/Cellar/ruby/3.3.0/lib/ruby/3.3.0/mkmf.rb:591:in `try_link'
	from /opt/homebrew/Cellar/ruby/3.3.0/lib/ruby/3.3.0/mkmf.rb:683:in `try_ldflags'
	from /opt/homebrew/Cellar/ruby/3.3.0/lib/ruby/3.3.0/mkmf.rb:1896:in `block in pkg_config'
	from /opt/homebrew/Cellar/ruby/3.3.0/lib/ruby/3.3.0/mkmf.rb:983:in `block in checking_for'
	from /opt/homebrew/Cellar/ruby/3.3.0/lib/ruby/3.3.0/mkmf.rb:344:in `block (2 levels) in postpone'
	from /opt/homebrew/Cellar/ruby/3.3.0/lib/ruby/3.3.0/mkmf.rb:314:in `open'
	from /opt/homebrew/Cellar/ruby/3.3.0/lib/ruby/3.3.0/mkmf.rb:344:in `block in postpone'
	from /opt/homebrew/Cellar/ruby/3.3.0/lib/ruby/3.3.0/mkmf.rb:314:in `open'
	from /opt/homebrew/Cellar/ruby/3.3.0/lib/ruby/3.3.0/mkmf.rb:340:in `postpone'
	from /opt/homebrew/Cellar/ruby/3.3.0/lib/ruby/3.3.0/mkmf.rb:982:in `checking_for'
	from /opt/homebrew/Cellar/ruby/3.3.0/lib/ruby/3.3.0/mkmf.rb:1862:in `pkg_config'
	from extconf.rb:9:in `system_libffi_usable?'
	from extconf.rb:46:in `<main>'

To see why this extension failed to compile, please check the mkmf.log which can be found here:

  /Users/bharathwaj/Library/CloudStorage/Dropbox/Mac (3)/Documents/GitHub/pbharathwaj.github.io/vendor/bundle/ruby/3.3.0/extensions/arm64-darwin-23/3.3.0/ffi-1.16.3/mkmf.log

extconf failed, exit code 1
